Fetching vulnerabilities from the database...

Checking the code against the vulnerabilities...

The package pattern matched the following 8 root packages:
  heimdall/internal/model
  heimdall/internal/assert
  heimdall/internal/plan
  heimdall/internal/ssh
  heimdall/internal/engine
  heimdall/internal/events
  heimdall/internal/report
  heimdall/cmd/heimdall
Govulncheck scanned the following 3 modules and the go1.27.1 standard library:
  heimdall
  golang.org/x/crypto@v0.57.0
  gopkg.in/yaml.v3@v3.0.1

=== Symbol Results ===

No vulnerabilities found.

=== Package Results ===

No other vulnerabilities found.

=== Module Results ===

Vulnerability #1: GO-2026-5932
    The golang.org/x/crypto/openpgp package is unmaintained, unsafe by design,
    and has known security issues
  More info: https://pkg.go.dev/vuln/GO-2026-5932
  Module: golang.org/x/crypto
    Found in: golang.org/x/crypto@v0.57.0
    Fixed in: N/A

Your code is affected by 0 vulnerabilities.
This scan also found 0 vulnerabilities in packages you import and 1
vulnerability in modules you require, but your code doesn't appear to call these
vulnerabilities.
